Key
U Unrelated, base mismatch, distribution 
I Integration, expected changed related to including a new arch
F Feature addition
D Device support (work to add support for a specific SOC or board)
H hack: could be fixed with better code or SW rework in arch specific code
A Work-around for Archetecture limit
T Work-around for Tool limit
    t work around required by COFF, probibly goes away with ELF

people: 
k.o = kernel.org = established linux practice
vl  = Virtual Logix / Jaluna

Below is U unless marked
    linux-2.6.13/Documentation/arm/Samsung-S3C24XX/H1940.txt    |    2 
    linux-2.6.13/Documentation/arm/Samsung-S3C24XX/SMDK2440.txt |    2 
    linux-2.6.13/Documentation/input/iforce-protocol.txt        |  508 ++++++------
    linux-2.6.13/Documentation/networking/pktgen.txt            |    2 
    linux-2.6.13/Documentation/sound/alsa/hdspm.txt             |    2 
HT? linux-2.6.13/Makefile                                       |    9
        usr/ build dir is disabled because the initramfs_data.S uses gas syntax
    linux-2.6.13/arch/alpha                                     |only
    linux-2.6.13/arch/arm                                       |only
    linux-2.6.13/arch/arm26                                     |only
    linux-2.6.13/arch/cris                                      |only
    linux-2.6.13/arch/frv                                       |only
    linux-2.6.13/arch/h8300                                     |only
    linux-2.6.13/arch/i386                                      |only
    linux-2.6.13/arch/ia64                                      |only
    linux-2.6.13/arch/m32r                                      |only
    linux-2.6.13/arch/m68k                                      |only
    linux-2.6.13/arch/m68knommu                                 |only
    linux-2.6.13/arch/mips                                      |only
    linux-2.6.13/arch/parisc                                    |only
    linux-2.6.13/arch/ppc                                       |only
    linux-2.6.13/arch/ppc64                                     |only
    linux-2.6.13/arch/s390                                      |only
    linux-2.6.13/arch/sh                                        |only
    linux-2.6.13/arch/sh64                                      |only
    linux-2.6.13/arch/sparc                                     |only
    linux-2.6.13/arch/sparc64                                   |only
    linux-2.6.13/arch/um/kernel/skas/include/mmu-skas.h         |    4 
    linux-2.6.13/arch/um/kernel/skas/mmu.c                      |    9 
    linux-2.6.13/arch/v850                                      |only
    linux-2.6.13/arch/x86_64                                    |only
    linux-2.6.13/arch/xtensa                                    |only

T or t:  module_init(x) problem, see these files and include/linux/init.h
    linux-2.6.13/crypto/anubis.c                                |   13 
    linux-2.6.13/crypto/api.c                                   |   14 
    linux-2.6.13/crypto/blowfish.c                              |   13 
    linux-2.6.13/crypto/cast5.c                                 |   13 
    linux-2.6.13/crypto/cast6.c                                 |   13 
U   linux-2.6.13/crypto/cipher.c                                |   12 is in 2.6.14
    linux-2.6.13/crypto/crc32c.c                                |   13 
    linux-2.6.13/crypto/crypto_null.c                           |   13 
    linux-2.6.13/crypto/deflate.c                               |   13 
    linux-2.6.13/crypto/des.c                                   |   13 
    linux-2.6.13/crypto/khazad.c                                |   13 
    linux-2.6.13/crypto/md4.c                                   |   13 
    linux-2.6.13/crypto/md5.c                                   |   13 
    linux-2.6.13/crypto/serpent.c                               |   13 
    linux-2.6.13/crypto/sha1.c                                  |   13 
    linux-2.6.13/crypto/sha256.c                                |   13 
    linux-2.6.13/crypto/sha512.c                                |   13 
    linux-2.6.13/crypto/tcrypt.c                                |   13 
    linux-2.6.13/crypto/tea.c                                   |   13 
    linux-2.6.13/crypto/tgr192.c                                |   13 
    linux-2.6.13/crypto/twofish.c                               |   13 
    linux-2.6.13/crypto/wp512.c                                 |   13 

Most of these are U, D
    linux-2.6.13/drivers/Kconfig                                |    2 
    linux-2.6.13/drivers/Makefile                               |    5 
    linux-2.6.13/drivers/char/Kconfig                           |    9 
    linux-2.6.13/drivers/char/Makefile                          |    4 
F?  linux-2.6.13/drivers/char/drm/drm_stub.c                    |    2 
H   linux-2.6.13/drivers/char/mem.c                             |    2 
AU? linux-2.6.13/drivers/char/rtc.c                             |    5 
    linux-2.6.13/drivers/char/watchdog/Kconfig                  |    7 
    linux-2.6.13/drivers/char/watchdog/Makefile                 |    1 
    linux-2.6.13/drivers/i2c/Kconfig                            |    1 
    linux-2.6.13/drivers/i2c/busses/Kconfig                     |   12 
    linux-2.6.13/drivers/i2c/busses/Makefile                    |    2 
    linux-2.6.13/drivers/i2c/chips/Kconfig                      |   21 
    linux-2.6.13/drivers/i2c/chips/Makefile                     |    3 
    linux-2.6.13/drivers/i2c/chips/isp1301_omap.c               |   68 -
    linux-2.6.13/drivers/i2c/chips/tps65010.c                   |   84 -
    linux-2.6.13/drivers/ide/pci/cmd64x.c                       |    2 
    linux-2.6.13/drivers/ide/pci/hpt34x.c                       |    2 
    linux-2.6.13/drivers/ide/pci/hpt366.c                       |    8 
    linux-2.6.13/drivers/ieee1394/sbp2.c                        |   38 
    linux-2.6.13/drivers/input/keyboard/Kconfig                 |   20 
    linux-2.6.13/drivers/input/keyboard/Makefile                |    3 
    linux-2.6.13/drivers/input/touchscreen/Kconfig              |   14 
    linux-2.6.13/drivers/input/touchscreen/Makefile             |    3 
    linux-2.6.13/drivers/media/video/Kconfig                    |   26 
    linux-2.6.13/drivers/media/video/Makefile                   |    5 
AD  linux-2.6.13/drivers/media/video/video-buf.c                |   48 -
    linux-2.6.13/drivers/mmc/Kconfig                            |   28 
    linux-2.6.13/drivers/mmc/Makefile                           |    1 
U?  linux-2.6.13/drivers/mmc/mmc.c                              |    4 
F   linux-2.6.13/drivers/mmc/mmc_block.c                        |   98 --
FA  linux-2.6.13/drivers/mtd/maps/uclinux.c                     |   34 
FU  linux-2.6.13/drivers/mtd/mtdchar.c                          |   58 -
    linux-2.6.13/drivers/mtd/nand/Kconfig                       |   28 
    linux-2.6.13/drivers/mtd/nand/Makefile                      |    3 
    linux-2.6.13/drivers/net/Kconfig                            |    5 
    linux-2.6.13/drivers/net/Makefile                           |    2 
FD  linux-2.6.13/drivers/net/forcedeth.c                        |    3 
    linux-2.6.13/drivers/net/irda/Kconfig                       |    7 
    linux-2.6.13/drivers/net/irda/Makefile                      |    2 
    linux-2.6.13/drivers/net/skge.c                             |   24 
    linux-2.6.13/drivers/net/smc91x.c                           |    5 
    linux-2.6.13/drivers/net/sungem.c                           |   36 
    linux-2.6.13/drivers/net/sunhme.c                           |   45 -
    linux-2.6.13/drivers/net/wireless/orinoco.c                 |   14 
    linux-2.6.13/drivers/pci/rom.c                              |   24 
    linux-2.6.13/drivers/pci/setup-bus.c                        |    2 
    linux-2.6.13/drivers/pcmcia/Kconfig                         |    7 
    linux-2.6.13/drivers/pcmcia/Makefile                        |    1 
    linux-2.6.13/drivers/pcmcia/yenta_socket.c                  |   13 
    linux-2.6.13/drivers/scsi/aacraid/aachba.c                  |    2 
    linux-2.6.13/drivers/serial/8250.c                          |   53 -
    linux-2.6.13/drivers/usb/Kconfig                            |    3 
    linux-2.6.13/drivers/usb/gadget/Kconfig                     |    2 
    linux-2.6.13/drivers/usb/host/ohci-omap.c                   |   10 
    linux-2.6.13/drivers/usb/misc/Makefile                      |    2 
    linux-2.6.13/drivers/usb/serial/ftdi_sio.c                  |    2 
TH? linux-2.6.13/drivers/usb/storage/usb.h                      |    4 
        #ifndef  __c6x__
            return container_of((void *) us, struct Scsi_Host, hostdata);
        #else
            return container_of((void *) us, struct Scsi_Host, hostdata[0]);
        #endif
    linux-2.6.13/drivers/video/Kconfig                          |   63 -
    linux-2.6.13/drivers/video/Makefile                         |    5 
A   linux-2.6.13/drivers/video/fbmem.c                          |   13 
    linux-2.6.13/drivers/video/nvidia/Makefile                  |    2 


F   linux-2.6.13/fs/Kconfig                                     |  114 --   devfs & nfs masking support
I   linux-2.6.13/fs/Makefile                                    |    1      integrate binfmt_coff
U   linux-2.6.13/fs/compat_ioctl.c                              |    7
TH? linux-2.6.13/fs/cramfs/inode.c                              |    4      special case for 24 bit bit-field, why?
U?  linux-2.6.13/fs/exec.c                                      |    5      difference in thread group kill. upstream?

T?:
        fd->name replaced with fd + 1 in all .c files below
        node->i.data replaced with ((&node->i) + 1)
        all of this mess because of a 0 length array declared as the last element of a struct. 
        see nodelist.h & include/linux/jffs2.h
        I call this issue {[0]} or "zero array"
        [later vl must of found out that [] works in TI, 
            this means C files don't have to change 
            but .h files still require hack]
    linux-2.6.13/fs/jffs2/build.c                               |   39 
    linux-2.6.13/fs/jffs2/dir.c                                 |   19 
    linux-2.6.13/fs/jffs2/gc.c                                  |   38 
    linux-2.6.13/fs/jffs2/nodelist.c                            |   33 
    linux-2.6.13/fs/jffs2/nodelist.h                            |    2 
    linux-2.6.13/fs/jffs2/scan.c                                |   15 
    linux-2.6.13/fs/jffs2/write.c                               |   21 

U?  linux-2.6.13/fs/jfs/inode.c                                 |   24   looks like version change, upstream?
H?  linux-2.6.13/fs/namei.c                                     |    6   changed a few putname()s to __putname()s by-passing auidting why?

F: NFS uid gid mapping feature
    linux-2.6.13/fs/nfs/inode.c                                 |   69 -
    linux-2.6.13/fs/nfs/nfs3proc.c                              |    9 
    linux-2.6.13/fs/nfs/nfsroot.c                               |   34 
    linux-2.6.13/fs/nfs/unlink.c                                |   11 

U: 
    linux-2.6.13/include/asm-alpha                              |only
    linux-2.6.13/include/asm-arm                                |only
    linux-2.6.13/include/asm-arm26                              |only
    linux-2.6.13/include/asm-cris                               |only
    linux-2.6.13/include/asm-frv                                |only
    linux-2.6.13/include/asm-h8300                              |only
    linux-2.6.13/include/asm-i386                               |only
    linux-2.6.13/include/asm-ia64                               |only
    linux-2.6.13/include/asm-m32r                               |only
    linux-2.6.13/include/asm-m68k                               |only
    linux-2.6.13/include/asm-m68knommu                          |only
    linux-2.6.13/include/asm-mips                               |only
    linux-2.6.13/include/asm-parisc                             |only
    linux-2.6.13/include/asm-ppc                                |only
    linux-2.6.13/include/asm-ppc64                              |only
    linux-2.6.13/include/asm-s390                               |only
    linux-2.6.13/include/asm-sh                                 |only
    linux-2.6.13/include/asm-sh64                               |only
    linux-2.6.13/include/asm-sparc                              |only
    linux-2.6.13/include/asm-sparc64                            |only
    linux-2.6.13/include/asm-um/pgalloc.h                       |   12 
    linux-2.6.13/include/asm-um/pgtable-3level.h                |    9 
    linux-2.6.13/include/asm-v850                               |only
    linux-2.6.13/include/asm-x86_64                             |only
    linux-2.6.13/include/asm-xtensa                             |only


tI  linux-2.6.13/include/linux/coff.h                           |  114 --
TIH linux-2.6.13/include/linux/compiler.h                       |    5  bit of a hack should make compiler-ti.h like compiler-intel.h
TH? linux-2.6.13/include/linux/crypto.h                         |   11  why are the padding fields needed in the structs? T or H?
D   linux-2.6.13/include/linux/fb.h                             |    1 
T   linux-2.6.13/include/linux/fs.h                             |    4  why won't INT_LIMIT calculate the right limit for us on c6x?
T   linux-2.6.13/include/linux/init.h                           |   41  lots of stuff
            why can't initcall_t be static? because our __section__ attrib won't work with statics?
            above problems applies several more times in this file
            the problem above causes each module's .c file to change if they used 
                non-unique names for the module init, term, params etc
            module_init needs attrib alias
D   linux-2.6.13/include/linux/input.h                          |   20 
T   linux-2.6.13/include/linux/ip.h                             |    4 {[0]}
T   linux-2.6.13/include/linux/ipv6.h                           |    4 {[0]}
T   linux-2.6.13/include/linux/jffs2.h                          |    4 {[0]}
T   linux-2.6.13/include/linux/jiffies.h                        |    4 
        jiffies put in .data for others but not us why?
        k.o are forcing jiffes to go into "normal" data segment and not be assumed to be "small data"
            they do this because jiffies is really a linker created allias for the LSBs of jiffies64 and
            64 bit data my not be considered small on some machines (small = (<= 4 bytes in some configs)
        they do this by forcing it into the .data segment
        for some reason vl special cased this for cilly-TI
            they made the special instructions a no-op
U?  linux-2.6.13/include/linux/joystick.h                       |    2 
AF? linux-2.6.13/include/linux/kmalloc_sizes.h                  |    2 better version in later kernels anyway
T   linux-2.6.13/include/linux/module.h                         |   12 more cases like init.h removed static from attrib(section)
t   linux-2.6.13/include/linux/moduleloader.h                   |   29 elf vs coff, should be easy to revert
T   linux-2.6.13/include/linux/moduleparam.h                    |    7 more static vs attrib(section)
T   linux-2.6.13/include/linux/netfilter_arp/arp_tables.h       |   14 {[0]} + changed 64 bit stat cnts to 32 bits??
T   linux-2.6.13/include/linux/netfilter_ipv4/ip_queue.h        |    4 {[0]}
T   linux-2.6.13/include/linux/netfilter_ipv4/ip_tables.h       |   16 {[0]} + changed 64 bit stat cnts to 32 bits??
T   linux-2.6.13/include/linux/netfilter_ipv4/ipt_ULOG.h        |    2 {[0]}
F   linux-2.6.13/include/linux/nfs_mount.h                      |    7 
F   linux-2.6.13/include/linux/sunrpc/clnt.h                    |   40 
FAU?linux-2.6.13/include/linux/sysctl.h                         |    1 
T   linux-2.6.13/include/linux/types.h                          |    4 #if out 64 bit types
T   linux-2.6.13/include/linux/xfrm.h                           |    6 64 bit type and {[0]}
FAD?linux-2.6.13/include/media/video-buf.h                      |    9 
FHU?linux-2.6.13/include/net/compat.h                           |    5 added param to func
T   linux-2.6.13/include/net/dst.h                              |    6 added never executed code to avoid warning (cilly?)
T   linux-2.6.13/include/net/esp.h                              |    4 added fwd decl for self referecial struct (why?)
UF? linux-2.6.13/include/net/ip_vs.h                            |    3 
T   linux-2.6.13/include/scsi/scsi_host.h                       |    5 {[0]}

F   linux-2.6.13/init/do_mounts.c                               |    9 retry mounting N times
FHI linux-2.6.13/init/do_mounts_devfs.c                         |   11 devfs is no more in later versions (recplaced by udev)
H   linux-2.6.13/init/initramfs.c                               |    4 no reason for this change that I can see
T   linux-2.6.13/init/main.c                                    |    2 disable warning about GCC < 2.95 (why? cilly? ti?)
F   linux-2.6.13/ipc/shm.c                                      |  106 -- add [some] support for shamed memory w/o MMU
TH? linux-2.6.13/ipc/util.c                                     |   27 
        {[0]} -> {[]}, (vl has learned better fix for this than changes done earlier
        redefined containerof -- why?, if this is needed why only here??
        nullentry stuff - just to save space? deeper reason?
TH? linux-2.6.13/ipc/util.h                                     |    8 see above
It  linux-2.6.13/kernel/Makefile                                |    4 integration of coff
F   linux-2.6.13/kernel/printk.c                                |    8 low level debug option (syncronious printk's)
A   linux-2.6.13/kernel/sys_ni.c                                |   10 whole bunch of stuff
        this file is suppose to define weak definitions of sys_calls that might not be defined
        all such weak references then call sys_ni_syscall that returns not implemented error
        the weak defs should get over written if the kernel is configured to supply a real definition
        the vl c6x definition of cond_syscall() macro expands to a real def not a weak one
        Thus we need to #if this file up to not supply defs that we want to supply
        List of stuff not special cased (not implemneted in c6x)
            kexec, swap on/off, nfssrvctrl, quotactl, acct, 
            mq_*, compat_*, mbind, *_mempolicy, add/request_key, keyctl, 
            (arch specific stuff like pciconfig_*)
FA  linux-2.6.13/kernel/sysctl.c                                |   15  page cache limit control (more important w/o MMU)
U   linux-2.6.13/lib/zlib_deflate/deftree.c                     |    2  no reason for this change
F   linux-2.6.13/mm/Makefile                                    |    9  integrage page_alloc2
U   linux-2.6.13/mm/mempolicy.c                                 |    7  in 2.6.14
FA  linux-2.6.13/mm/nommu.c                                     |   27  CONFIG_CONTIGUOUS_PAGE_ALLOC
FA  linux-2.6.13/mm/slab.c                                      |   24  ""

T: Boy what a mess
    Most of the net subsystem changes boil donw to two problems
        recoding to deal with {[0]} changes in headers 
        module_init issues (see include/linux/init.h, include/linux/module.h, etc)
T:  module_init + {[0]}
    linux-2.6.13/net/ipv4/netfilter/ip_nat_rule.c               |   27 
    linux-2.6.13/net/ipv4/netfilter/ip_nat_snmp_basic.c         |   37 
    linux-2.6.13/net/ipv4/netfilter/ip_queue.c                  |   25 
    linux-2.6.13/net/ipv4/netfilter/iptable_filter.c            |   40 
    linux-2.6.13/net/ipv4/netfilter/iptable_mangle.c            |   50 -
    linux-2.6.13/net/ipv4/netfilter/ipt_hashlimit.c             |   37 
    linux-2.6.13/net/ipv4/netfilter/ipt_TCPMSS.c                |   17 
    linux-2.6.13/net/ipv4/netfilter/ipt_ULOG.c                  |   21 

T:  module_init issue
    linux-2.6.13/net/ipv4/netfilter/arpt_mangle.c               |   13 
    linux-2.6.13/net/ipv4/netfilter/ip_conntrack_amanda.c       |   13 
    linux-2.6.13/net/ipv4/netfilter/ip_conntrack_ftp.c          |   17 
    linux-2.6.13/net/ipv4/netfilter/ip_conntrack_irc.c          |   21 
    linux-2.6.13/net/ipv4/netfilter/ip_conntrack_proto_sctp.c   |   13 
    linux-2.6.13/net/ipv4/netfilter/ip_conntrack_standalone.c   |   13 
    linux-2.6.13/net/ipv4/netfilter/ip_conntrack_tftp.c         |   17 
    linux-2.6.13/net/ipv4/netfilter/ip_nat_amanda.c             |   13 
    linux-2.6.13/net/ipv4/netfilter/ip_nat_ftp.c                |   13 
    linux-2.6.13/net/ipv4/netfilter/ip_nat_irc.c                |   13 
    linux-2.6.13/net/ipv4/netfilter/ip_nat_standalone.c         |   13 
    linux-2.6.13/net/ipv4/netfilter/ip_nat_tftp.c               |   13 
    linux-2.6.13/net/ipv4/netfilter/ipt_CLASSIFY.c              |   13 
    linux-2.6.13/net/ipv4/netfilter/ipt_CLUSTERIP.c             |   13 
    linux-2.6.13/net/ipv4/netfilter/ipt_CONNMARK.c              |   13 
    linux-2.6.13/net/ipv4/netfilter/ipt_DSCP.c                  |   13 
    linux-2.6.13/net/ipv4/netfilter/ipt_ECN.c                   |   13 
    linux-2.6.13/net/ipv4/netfilter/ipt_LOG.c                   |   13 
    linux-2.6.13/net/ipv4/netfilter/ipt_MARK.c                  |   13 
TU  linux-2.6.13/net/ipv4/netfilter/ipt_MASQUERADE.c            |   19
    linux-2.6.13/net/ipv4/netfilter/ipt_NETMAP.c                |   13 
    linux-2.6.13/net/ipv4/netfilter/ipt_NOTRACK.c               |   13 
    linux-2.6.13/net/ipv4/netfilter/ipt_REDIRECT.c              |   13 
    linux-2.6.13/net/ipv4/netfilter/ipt_REJECT.c                |   13 
    linux-2.6.13/net/ipv4/netfilter/ipt_SAME.c                  |   13 
    linux-2.6.13/net/ipv4/netfilter/ipt_TOS.c                   |   13 
    linux-2.6.13/net/ipv4/netfilter/ipt_addrtype.c              |   13 
    linux-2.6.13/net/ipv4/netfilter/ipt_ah.c                    |   13 
    linux-2.6.13/net/ipv4/netfilter/ipt_comment.c               |   13 
    linux-2.6.13/net/ipv4/netfilter/ipt_connmark.c              |   13 
    linux-2.6.13/net/ipv4/netfilter/ipt_conntrack.c             |   13 
    linux-2.6.13/net/ipv4/netfilter/ipt_dscp.c                  |   13 
    linux-2.6.13/net/ipv4/netfilter/ipt_ecn.c                   |   13 
    linux-2.6.13/net/ipv4/netfilter/ipt_esp.c                   |   13 
    linux-2.6.13/net/ipv4/netfilter/ipt_helper.c                |   13 
    linux-2.6.13/net/ipv4/netfilter/ipt_iprange.c               |   13 
    linux-2.6.13/net/ipv4/netfilter/ipt_length.c                |   13 
    linux-2.6.13/net/ipv4/netfilter/ipt_limit.c                 |   13 
    linux-2.6.13/net/ipv4/netfilter/ipt_mac.c                   |   13 
    linux-2.6.13/net/ipv4/netfilter/ipt_mark.c                  |   13 
    linux-2.6.13/net/ipv4/netfilter/ipt_multiport.c             |   13 
    linux-2.6.13/net/ipv4/netfilter/ipt_owner.c                 |   13 
    linux-2.6.13/net/ipv4/netfilter/ipt_physdev.c               |   13 
    linux-2.6.13/net/ipv4/netfilter/ipt_pkttype.c               |   13 
    linux-2.6.13/net/ipv4/netfilter/ipt_realm.c                 |   13 
    linux-2.6.13/net/ipv4/netfilter/ipt_recent.c                |   13 
    linux-2.6.13/net/ipv4/netfilter/ipt_sctp.c                  |   13 
    linux-2.6.13/net/ipv4/netfilter/ipt_state.c                 |   13 
    linux-2.6.13/net/ipv4/netfilter/ipt_tcpmss.c                |   13 
    linux-2.6.13/net/ipv4/netfilter/ipt_tos.c                   |   13 
    linux-2.6.13/net/ipv4/netfilter/ipt_ttl.c                   |   13 
    linux-2.6.13/net/ipv4/netfilter/iptable_raw.c               |   13 
    linux-2.6.13/net/ipv4/xfrm4_tunnel.c                        |   13 

T+U/F?:
    These files have more significant changes and have not been looked at in depth
    It may be that these inlcude some of the above + U and/or F 
    linux-2.6.13/net/compat.c                                   |   44 -
    linux-2.6.13/net/core/filter.c                              |    6 
    linux-2.6.13/net/ethernet/eth.c                             |    2 
    linux-2.6.13/net/ipv4/ah4.c                                 |   19 
    linux-2.6.13/net/ipv4/esp4.c                                |   20 
    linux-2.6.13/net/ipv4/ip_fragment.c                         |    2 
    linux-2.6.13/net/ipv4/ipvs/ip_vs_conn.c                     |   41 
    linux-2.6.13/net/ipv4/ipvs/ip_vs_core.c                     |   16 
    linux-2.6.13/net/ipv4/ipvs/ip_vs_sync.c                     |   20 
    linux-2.6.13/net/ipv4/netfilter/arp_tables.c                |  129 ---
    linux-2.6.13/net/ipv4/netfilter/arptable_filter.c           |   40 
    linux-2.6.13/net/ipv4/netfilter/ip_tables.c                 |  141 ---
    linux-2.6.13/net/ipv4/raw.c                                 |    2 
    linux-2.6.13/net/ipv4/tcp_bic.c                             |    2 
    linux-2.6.13/net/ipv4/tcp_input.c                           |    2 
    linux-2.6.13/net/ipv4/tcp_ipv4.c                            |   11 
    linux-2.6.13/net/ipv4/tcp_minisocks.c                       |    2 
    linux-2.6.13/net/ipv6/ah6.c                                 |   21 
    linux-2.6.13/net/ipv6/esp6.c                                |   20 
    linux-2.6.13/net/ipv6/raw.c                                 |    2 
    linux-2.6.13/net/ipv6/udp.c                                 |    5 
    linux-2.6.13/net/key/af_key.c                               |   17 
    linux-2.6.13/net/socket.c                                   |    3 
F   linux-2.6.13/net/sunrpc/clnt.c                              |   12  nfs UID/GID feature

T: 
    These are related to kernel module support for COFF, need to look if stock ver is OK for our ELF
T   linux-2.6.13/scripts/mod/file2alias.c                       |   12 
T   linux-2.6.13/scripts/mod/mk_elfconfig.c                     |    7 
T   linux-2.6.13/scripts/mod/modpost.c                          |  143 ---
T   linux-2.6.13/scripts/mod/modpost.h                          |   20 

U?  linux-2.6.13/security/keys/request_key_auth.c               |    1 

D:
    linux-2.6.13/sound/arm/Kconfig                              |   12 
    linux-2.6.13/sound/arm/Makefile                             |    2 
    linux-2.6.13/sound/oss/Kconfig                              |   58 -
    linux-2.6.13/sound/oss/Makefile                             |    7 

U   linux-vl/Documentation/arm/OMAP                             |only
U   linux-vl/GNUmakefile                                        |only
U   linux-vl/Makefile.bin                                       |only
U   linux-vl/Makefile.src                                       |only
*** linux-vl/arch/c6x                                           |only   meat of port

D:
F   linux-vl/drivers/char/nkconsole.c                           |only
    linux-vl/drivers/char/omap-rtc.c                            |only
    linux-vl/drivers/char/omap-rtc.h                            |only
    linux-vl/drivers/char/watchdog/omap1610_wdt.c               |only
    linux-vl/drivers/char/watchdog/omap1610_wdt.h               |only
?   linux-vl/drivers/cpufreq/proc_intf.c                        |only
    linux-vl/drivers/i2c/busses/i2c-davinci.c                   |only
    linux-vl/drivers/i2c/busses/i2c-davinci.h                   |only
    linux-vl/drivers/i2c/busses/i2c-omap.c                      |only
    linux-vl/drivers/i2c/busses/i2c-omap.h                      |only
    linux-vl/drivers/i2c/chips/gpio_expander_omap.c             |only
    linux-vl/drivers/i2c/chips/tlv320aic23.c                    |only
    linux-vl/drivers/i2c/chips/tlv320aic33.c                    |only
    linux-vl/drivers/input/keyboard/innovator_ps2.c             |only
    linux-vl/drivers/input/keyboard/omap-keypad.c               |only
    linux-vl/drivers/input/touchscreen/omap                     |only
    linux-vl/drivers/media/video/ccdc_davinci.c                 |only
    linux-vl/drivers/media/video/davinci_vpfe.c                 |only
    linux-vl/drivers/media/video/omap                           |only
    linux-vl/drivers/media/video/tvp5146.c                      |only
    linux-vl/drivers/mmc/omap.c                                 |only
    linux-vl/drivers/mmc/omap.h                                 |only
    linux-vl/drivers/mtd/nand/nand_davinci.c                    |only
    linux-vl/drivers/mtd/nand/nand_davinci.h                    |only
    linux-vl/drivers/mtd/nand/omap-hw.c                         |only
    linux-vl/drivers/mtd/nand/omap-nand-flash.c                 |only
    linux-vl/drivers/net/irda/omap1610-ir.c                     |only
    linux-vl/drivers/net/remeth.c                               |only
    linux-vl/drivers/pcmcia/omap_cf.c                           |only
    linux-vl/drivers/ssi                                        |only
    linux-vl/drivers/video/davincifb.c                          |only
A?  linux-vl/drivers/video/memoryfb.c                           |only
    linux-vl/drivers/video/omap                                 |only


TI  linux-vl/fs/binfmt_coff.c                                   |only
*** linux-vl/include/asm-c6x                                    |only   meat of port

D:
    linux-vl/include/media/ccdc_davinci.h                       |only
    linux-vl/include/media/davinci_vpfe.h                       |only
    linux-vl/include/media/tvp5146.h                            |only
F   linux-vl/include/nk                                         |only
F   linux-vl/include/osware                                     |only
    linux-vl/include/sound/davincisound.h                       |only
    linux-vl/include/video/davincifb.h                          |only
TI  linux-vl/kernel/module_coff.c                               |only
AF  linux-vl/mm/page_alloc2.c                                   |only
F   linux-vl/nkernel                                            |only
U   linux-vl/profiles                                           |only
U   linux-vl/scripts/symlinks.pl                                |only

D:
    linux-vl/sound/arm/omap-aic23.c                             |only
    linux-vl/sound/arm/omap-aic23.h                             |only
    linux-vl/sound/arm/omap-alsa-dma.c                          |only
    linux-vl/sound/arm/omap-alsa-dma.h                          |only
    linux-vl/sound/arm/omap-alsa-mixer.c                        |only
    linux-vl/sound/oss/davinci-aic33.h                          |only
    linux-vl/sound/oss/davinci-audio-aic33.c                    |only
    linux-vl/sound/oss/davinci-audio-dma-intfc.c                |only
    linux-vl/sound/oss/davinci-audio-dma-intfc.h                |only
    linux-vl/sound/oss/davinci-audio.c                          |only
    linux-vl/sound/oss/davinci-audio.h                          |only
    linux-vl/sound/oss/omap-audio-aic23.c                       |only
    linux-vl/sound/oss/omap-audio-dma-intfc.c                   |only
    linux-vl/sound/oss/omap-audio-dma-intfc.h                   |only
    linux-vl/sound/oss/omap-audio-tsc2101.c                     |only
    linux-vl/sound/oss/omap-audio.c                             |only
    linux-vl/sound/oss/omap-audio.h                             |only

368 files changed, 540 insertions(+), 4227 deletions(-)

kernel symbols source signatures ("crc"s) does not work,  May work with elf
initramfs built into kernel does not work